😐 - The new value(25) is equal to the stored value.
