😐 - The new value(1) is equal to the stored value.
